Serendip - Finite Element Simulation Log

Mechanical analysis  Stage 1
Time 2026-08-26T13:28:10.671
unknown dofs: 2992
inc 1  output 0  T=0.0   ΔT=0.01
    it 1  residue: 1.3708e-14
inc 2  output 0  T=0.01   ΔT=0.01
    it 1  residue: 1.9441e-14
inc 3  output 1  T=0.02   ΔT=0.0075
    it 1  residue: 1.0938e-14
inc 4  output 1  T=0.0275   ΔT=0.0125
    it 1  residue: 1.5194e-02
inc 5  output 2  T=0.04   ΔT=0.005625
    it 1  residue: 1.2808e-02
inc 6  output 2  T=0.0456   ΔT=0.01125
    it 1  residue: 8.2450e-02
inc 7  output 2  T=0.0569   ΔT=0.003125
    it 1  residue: 8.6427e-03
inc 8  output 3  T=0.06   ΔT=0.008438
    it 1  residue: 8.6891e-02
inc 9  output 3  T=0.0684   ΔT=0.01156
    it 1  residue: 5.9934e+00
    it 2  residue: 2.9240e+00
    it 3  residue: 4.9162e+00
      increment failed
inc 9  output 3  T=0.0684   ΔT=0.00231
    it 1  residue: 1.1943e+00
    it 2  residue: 1.7237e-01
    it 3  residue: 5.7929e-02
inc 10  output 3  T=0.0707   ΔT=0.004219
    it 1  residue: 2.6594e-02
inc 11  output 3  T=0.075   ΔT=0.005034
    it 1  residue: 2.9657e-01
    it 2  residue: 1.1962e+00
      increment failed
inc 11  output 3  T=0.075   ΔT=0.00282
    it 1  residue: 1.6591e-01
    it 2  residue: 3.6874e-01
      increment failed
inc 11  output 3  T=0.075   ΔT=0.00221
    it 1  residue: 1.3002e-01
    it 2  residue: 3.5499e-01
      increment failed
inc 11  output 3  T=0.075   ΔT=0.00196
    it 1  residue: 1.1531e-01
    it 2  residue: 3.4241e-01
      increment failed
inc 11  output 3  T=0.075   ΔT=0.00176
    it 1  residue: 1.0355e-01
    it 2  residue: 3.4511e-01
      increment failed
inc 11  output 3  T=0.075   ΔT=0.00158
    it 1  residue: 9.2957e-02
inc 12  output 3  T=0.0765   ΔT=0.002109
    it 1  residue: 1.7771e-01
    it 2  residue: 8.2129e-03
inc 13  output 3  T=0.0787   ΔT=0.001344
    it 1  residue: 7.9860e-03
inc 14  output 4  T=0.08   ΔT=0.001055
    it 1  residue: 1.6961e-02
inc 15  output 4  T=0.0811   ΔT=0.001737
    it 1  residue: 1.4482e-02
inc 16  output 4  T=0.0828   ΔT=0.002928
    it 1  residue: 1.5514e-02
inc 17  output 4  T=0.0857   ΔT=0.004887
    it 1  residue: 2.9483e-02
inc 18  output 4  T=0.0906   ΔT=0.007261
    it 1  residue: 4.0118e-02
inc 19  output 4  T=0.0979   ΔT=0.002131
    it 1  residue: 3.2675e-01
    it 2  residue: 2.7543e-03
inc 20  output 5  T=0.1   ΔT=0.003631
    it 1  residue: 1.6367e-02
inc 21  output 5  T=0.1036   ΔT=0.006013
    it 1  residue: 8.5842e-01
    it 2  residue: 1.7102e+00
      increment failed
inc 21  output 5  T=0.1036   ΔT=0.00161
    it 1  residue: 2.2979e-01
    it 2  residue: 4.2746e-03
inc 22  output 5  T=0.1052   ΔT=0.001771
    it 1  residue: 1.3720e-01
    it 2  residue: 9.6481e-03
inc 23  output 5  T=0.107   ΔT=0.001948
    it 1  residue: 2.9401e-03
inc 24  output 5  T=0.109   ΔT=0.003722
    it 1  residue: 3.0121e-02
inc 25  output 5  T=0.1127   ΔT=0.005504
    it 1  residue: 3.9988e-02
inc 26  output 5  T=0.1182   ΔT=0.001814
    it 1  residue: 4.1958e-03
inc 27  output 6  T=0.12   ΔT=0.002752
    it 1  residue: 5.5190e-03
inc 28  output 6  T=0.1228   ΔT=0.005092
    it 1  residue: 5.4071e-02
inc 29  output 6  T=0.1278   ΔT=0.006421
    it 1  residue: 2.9613e-02
inc 30  output 6  T=0.1343   ΔT=0.005735
    it 1  residue: 5.8076e-01
    it 2  residue: 6.5709e-02
inc 31  output 7  T=0.14   ΔT=0.00321
    it 1  residue: 3.7672e-03
inc 32  output 7  T=0.1432   ΔT=0.006069
    it 1  residue: 8.2483e-02
inc 33  output 7  T=0.1493   ΔT=0.006676
    it 1  residue: 2.5797e-01
    it 2  residue: 1.4292e-01
    it 3  residue: 1.0853e-02
inc 34  output 7  T=0.156   ΔT=0.004045
    it 1  residue: 1.0280e-02
inc 35  output 8  T=0.16   ΔT=0.003338
    it 1  residue: 2.2962e-02
inc 36  output 8  T=0.1633   ΔT=0.005221
    it 1  residue: 8.2799e-03
inc 37  output 8  T=0.1686   ΔT=0.009367
    it 1  residue: 1.5456e+00
    it 2  residue: 1.6965e+01
      increment failed
inc 37  output 8  T=0.1686   ΔT=0.00187
    it 1  residue: 3.0858e-01
    it 2  residue: 5.0242e-02
inc 38  output 8  T=0.1704   ΔT=0.002057
    it 1  residue: 2.9370e-03
inc 39  output 8  T=0.1725   ΔT=0.00393
    it 1  residue: 7.5528e-03
inc 40  output 8  T=0.1764   ΔT=0.003583
    it 1  residue: 9.9822e-03
inc 41  output 9  T=0.18   ΔT=0.001965
    it 1  residue: 8.5929e+00
    it 2  residue: 1.6347e+00
    it 3  residue: 1.3870e+00
      increment failed
inc 41  output 9  T=0.18   ΔT=0.000393
    it 1  residue: 1.7184e+00
    it 2  residue: 1.1140e-01
    it 3  residue: 1.7912e-02
inc 42  output 9  T=0.1804   ΔT=0.0004323
    it 1  residue: 1.6263e-03
inc 43  output 9  T=0.1808   ΔT=0.0008411
    it 1  residue: 1.6680e-02
inc 44  output 9  T=0.1817   ΔT=0.001389
    it 1  residue: 2.1161e-02
inc 45  output 9  T=0.1831   ΔT=0.002206
    it 1  residue: 1.1674e-02
inc 46  output 9  T=0.1853   ΔT=0.00382
    it 1  residue: 2.1040e-02
inc 47  output 9  T=0.1891   ΔT=0.006072
    it 1  residue: 8.1961e-02
inc 48  output 9  T=0.1952   ΔT=0.004847
    it 1  residue: 1.1402e-02
inc 49  output 10  T=0.2   ΔT=0.003036
    it 1  residue: 3.6123e-03
inc 50  output 10  T=0.203   ΔT=0.00575
    it 1  residue: 1.0925e-02
inc 51  output 10  T=0.2088   ΔT=0.01003
    it 1  residue: 2.8268e-01
    it 2  residue: 5.4040e+00
      increment failed
inc 51  output 10  T=0.2088   ΔT=0.00579
    it 1  residue: 1.6311e-01
    it 2  residue: 4.6938e-02
inc 52  output 10  T=0.2146   ΔT=0.005424
    it 1  residue: 1.6895e-02
inc 53  output 11  T=0.22   ΔT=0.002895
    it 1  residue: 8.1439e-03
inc 54  output 11  T=0.2229   ΔT=0.005201
    it 1  residue: 8.6911e-03
inc 55  output 11  T=0.2281   ΔT=0.009289
    it 1  residue: 4.3320e-02
inc 56  output 11  T=0.2374   ΔT=0.002615
    it 1  residue: 4.7307e-03
inc 57  output 12  T=0.24   ΔT=0.004645
    it 1  residue: 2.9557e-01
    it 2  residue: 1.2412e-02
inc 58  output 12  T=0.2446   ΔT=0.005109
    it 1  residue: 2.5112e+00
    it 2  residue: 1.4509e+00
    it 3  residue: 1.3432e-01
      increment failed
inc 58  output 12  T=0.2446   ΔT=0.00102
    it 1  residue: 4.9376e-01
    it 2  residue: 1.1990e-02
inc 59  output 12  T=0.2457   ΔT=0.001122
    it 1  residue: 1.1992e-03
inc 60  output 12  T=0.2468   ΔT=0.002197
    it 1  residue: 7.4665e-03
inc 61  output 12  T=0.249   ΔT=0.003976
    it 1  residue: 1.2700e-02
inc 62  output 12  T=0.253   ΔT=0.006817
    it 1  residue: 1.5949e-02
inc 63  output 12  T=0.2598   ΔT=0.0002232
    it 1  residue: 1.4310e-04
inc 64  output 13  T=0.26   ΔT=0.003409
    it 1  residue: 1.3834e-02
inc 65  output 13  T=0.2634   ΔT=0.00578
    it 1  residue: 1.6574e-01
    it 2  residue: 1.2278e-02
inc 66  output 13  T=0.2692   ΔT=0.006358
    it 1  residue: 5.1455e-02
inc 67  output 13  T=0.2755   ΔT=0.004453
    it 1  residue: 8.7152e-03
inc 68  output 14  T=0.28   ΔT=0.003179
    it 1  residue: 5.1771e-03
inc 69  output 14  T=0.2832   ΔT=0.005907
    it 1  residue: 1.1335e-02
inc 70  output 14  T=0.2891   ΔT=0.01026
    it 1  residue: 9.9216e-02
inc 71  output 14  T=0.2994   ΔT=0.0006495
    it 1  residue: 3.4473e-02
inc 72  output 15  T=0.3   ΔT=0.005132
    it 1  residue: 6.2439e-03
inc 73  output 15  T=0.3051   ΔT=0.009418
    it 1  residue: 1.5672e-02
inc 74  output 15  T=0.3146   ΔT=0.00545
    it 1  residue: 6.5651e-02
inc 75  output 16  T=0.32   ΔT=0.004709
    it 1  residue: 8.4579e-02
inc 76  output 16  T=0.3247   ΔT=0.00518
    it 1  residue: 5.5910e-02
inc 77  output 16  T=0.3299   ΔT=0.006461
    it 1  residue: 1.7089e-01
    it 2  residue: 5.3189e-02
inc 78  output 16  T=0.3363   ΔT=0.00365
    it 1  residue: 2.5312e-03
inc 79  output 17  T=0.34   ΔT=0.00323
    it 1  residue: 3.6193e-03
inc 80  output 17  T=0.3432   ΔT=0.006118
    it 1  residue: 4.8814e-02
inc 81  output 17  T=0.3493   ΔT=0.007965
    it 1  residue: 7.8137e-03
inc 82  output 17  T=0.3573   ΔT=0.002687
    it 1  residue: 3.6041e-03
inc 83  output 18  T=0.36   ΔT=0.003982
    it 1  residue: 6.5771e-03
inc 84  output 18  T=0.364   ΔT=0.00728
    it 1  residue: 3.1533e-01
    it 2  residue: 1.1511e-01
    it 3  residue: 2.7251e-01
      increment failed
inc 84  output 18  T=0.364   ΔT=0.00392
    it 1  residue: 1.6996e-01
    it 2  residue: 5.2995e-02
inc 85  output 18  T=0.3679   ΔT=0.004312
    it 1  residue: 2.0920e-01
    it 2  residue: 3.3208e-02
inc 86  output 18  T=0.3722   ΔT=0.004743
    it 1  residue: 5.1103e-02
inc 87  output 18  T=0.377   ΔT=0.003043
    it 1  residue: 2.5998e-01
    it 2  residue: 1.0473e-02
inc 88  output 19  T=0.38   ΔT=0.002372
    it 1  residue: 4.9744e-03
inc 89  output 19  T=0.3824   ΔT=0.004417
    it 1  residue: 7.4770e-01
    it 2  residue: 1.8720e-02
inc 90  output 19  T=0.3868   ΔT=0.004859
    it 1  residue: 1.2817e-02
inc 91  output 19  T=0.3916   ΔT=0.008321
    it 1  residue: 2.0471e+00
    it 2  residue: 1.0651e+00
    it 3  residue: 9.8188e-01
      increment failed
inc 91  output 19  T=0.3916   ΔT=0.00166
    it 1  residue: 4.1320e-01
    it 2  residue: 1.7183e-01
    it 3  residue: 4.2105e-03
inc 92  output 19  T=0.3933   ΔT=0.001826
    it 1  residue: 4.9721e-01
    it 2  residue: 1.5938e-01
    it 3  residue: 4.8903e-03
inc 93  output 19  T=0.3951   ΔT=0.002009
    it 1  residue: 5.8231e-01
    it 2  residue: 1.6539e-01
    it 3  residue: 6.5611e-03
inc 94  output 19  T=0.3971   ΔT=0.002209
    it 1  residue: 6.6180e-01
    it 2  residue: 8.9999e-01
      increment failed
inc 94  output 19  T=0.3971   ΔT=0.000717
    it 1  residue: 2.1389e-01
    it 2  residue: 2.1282e-03
inc 95  output 19  T=0.3979   ΔT=0.0007887
    it 1  residue: 2.3072e-03
inc 96  output 19  T=0.3986   ΔT=0.001352
    it 1  residue: 4.1702e-01
    it 2  residue: 1.1641e-01
    it 3  residue: 3.6008e-03
inc 97  output 20  T=0.4   ΔT=0.0003944
    it 1  residue: 1.0726e+01
    it 2  residue: 3.0584e+00
    it 3  residue: 5.4664e-01
      increment failed
inc 97  output 20  T=0.4   ΔT=7.89e-5
    it 1  residue: 2.1587e+00
    it 2  residue: 7.8519e-01
    it 3  residue: 6.3720e-01
      increment failed
inc 97  output 20  T=0.4   ΔT=1.58e-5
    it 1  residue: 4.3488e-01
    it 2  residue: 1.0254e-01
    it 3  residue: 6.5191e-05
inc 98  output 20  T=0.4   ΔT=1.738e-5
    it 1  residue: 5.3450e-03
inc 99  output 20  T=0.4   ΔT=3.223e-5
    it 1  residue: 1.0186e-05
inc 100  output 20  T=0.4001   ΔT=6.444e-5
    it 1  residue: 2.1972e-05
inc 101  output 20  T=0.4001   ΔT=0.0001288
    it 1  residue: 2.4585e-04
inc 102  output 20  T=0.4003   ΔT=0.0002562
    it 1  residue: 3.9757e-02
inc 103  output 20  T=0.4005   ΔT=0.0003536
    it 1  residue: 2.7578e-04
inc 104  output 20  T=0.4009   ΔT=0.0007031
    it 1  residue: 1.1543e-03
inc 105  output 20  T=0.4016   ΔT=0.001378
    it 1  residue: 2.0438e-03
inc 106  output 20  T=0.4029   ΔT=0.002664
    it 1  residue: 1.5383e+01
    it 2  residue: 1.5934e+01
      increment failed
inc 106  output 20  T=0.4029   ΔT=0.000533
    it 1  residue: 3.0586e+00
    it 2  residue: 4.6599e-01
    it 3  residue: 5.9804e-01
      increment failed
inc 106  output 20  T=0.4029   ΔT=0.000107
    it 1  residue: 6.2196e-01
    it 2  residue: 7.9197e-02
inc 107  output 20  T=0.4031   ΔT=0.0001177
    it 1  residue: 2.7161e-02
inc 108  output 20  T=0.4032   ΔT=0.000178
    it 1  residue: 2.4288e-03
inc 109  output 20  T=0.4034   ΔT=0.0003425
    it 1  residue: 2.7235e-03
inc 110  output 20  T=0.4037   ΔT=0.0006563
    it 1  residue: 2.1051e-03
inc 111  output 20  T=0.4044   ΔT=0.001268
    it 1  residue: 1.1774e-03
inc 112  output 20  T=0.4056   ΔT=0.002484
    it 1  residue: 6.8677e-03
inc 113  output 20  T=0.4081   ΔT=0.004526
    it 1  residue: 9.3111e-03
inc 114  output 20  T=0.4126   ΔT=0.007371
    it 1  residue: 4.1434e-01
    it 2  residue: 2.0369e-02
inc 115  output 21  T=0.42   ΔT=0.002263
    it 1  residue: 3.3425e+00
    it 2  residue: 4.7577e-02
inc 116  output 21  T=0.4223   ΔT=0.002489
    it 1  residue: 2.4238e-02
inc 117  output 21  T=0.4248   ΔT=0.003853
    it 1  residue: 8.7196e-03
inc 118  output 21  T=0.4286   ΔT=0.00688
    it 1  residue: 4.0819e-02
inc 119  output 21  T=0.4355   ΔT=0.004515
    it 1  residue: 1.5938e-01
    it 2  residue: 6.8088e-02
inc 120  output 22  T=0.44   ΔT=0.00344
    it 1  residue: 1.3590e-02
inc 121  output 22  T=0.4434   ΔT=0.005847
    it 1  residue: 2.3180e-02
inc 122  output 22  T=0.4493   ΔT=0.00913
    it 1  residue: 3.3844e-02
inc 123  output 22  T=0.4584   ΔT=0.001583
    it 1  residue: 2.3561e-03
inc 124  output 23  T=0.46   ΔT=0.004565
    it 1  residue: 1.0486e-02
inc 125  output 23  T=0.4646   ΔT=0.008001
    it 1  residue: 8.0734e-01
    it 2  residue: 6.9628e-02
inc 126  output 23  T=0.4726   ΔT=0.007434
    it 1  residue: 2.3037e-02
inc 127  output 24  T=0.48   ΔT=0.004001
    it 1  residue: 2.7190e-02
inc 128  output 24  T=0.484   ΔT=0.006049
    it 1  residue: 8.8489e-03
inc 129  output 24  T=0.49   ΔT=0.00995
    it 1  residue: 4.5879e-01
    it 2  residue: 5.5975e-01
      increment failed
inc 129  output 24  T=0.49   ΔT=0.00418
    it 1  residue: 1.9241e-01
    it 2  residue: 4.1499e-02
inc 130  output 24  T=0.4942   ΔT=0.003025
    it 1  residue: 6.4195e-03
inc 131  output 24  T=0.4973   ΔT=0.002745
    it 1  residue: 2.7852e-03
inc 132  output 25  T=0.5   ΔT=0.001512
    it 1  residue: 1.0377e-03
inc 133  output 25  T=0.5015   ΔT=0.002969
    it 1  residue: 2.9314e-03
inc 134  output 25  T=0.5045   ΔT=0.005673
    it 1  residue: 9.0135e-03
inc 135  output 25  T=0.5102   ΔT=0.009846
    it 1  residue: 5.2115e-01
    it 2  residue: 1.2429e-02
inc 136  output 26  T=0.52   ΔT=0.002836
    it 1  residue: 2.3112e-03
inc 137  output 26  T=0.5228   ΔT=0.005465
    it 1  residue: 8.3189e-01
    it 2  residue: 1.4464e-02
inc 138  output 26  T=0.5283   ΔT=0.006012
    it 1  residue: 2.0495e-01
    it 2  residue: 4.2169e-03
inc 139  output 26  T=0.5343   ΔT=0.005686
    it 1  residue: 4.6619e-03
inc 140  output 27  T=0.54   ΔT=0.003006
    it 1  residue: 1.9056e-03
inc 141  output 27  T=0.543   ΔT=0.005825
    it 1  residue: 8.9032e-03
inc 142  output 27  T=0.5488   ΔT=0.01038
    it 1  residue: 1.8370e-01
    it 2  residue: 2.3902e-02
inc 143  output 27  T=0.5592   ΔT=0.0007886
    it 1  residue: 3.1624e-04
inc 144  output 28  T=0.56   ΔT=0.00519
    it 1  residue: 8.1635e-03
inc 145  output 28  T=0.5652   ΔT=0.009323
    it 1  residue: 7.9900e-02
inc 146  output 28  T=0.5745   ΔT=0.005487
    it 1  residue: 1.0583e-01
    it 2  residue: 4.4580e-03
inc 147  output 29  T=0.58   ΔT=0.004661
    it 1  residue: 4.6789e-03
inc 148  output 29  T=0.5847   ΔT=0.008713
    it 1  residue: 1.0439e-02
inc 149  output 29  T=0.5934   ΔT=0.006626
    it 1  residue: 3.0622e-02
inc 150  output 30  T=0.6   ΔT=0.004356
    it 1  residue: 1.9739e-01
    it 2  residue: 1.1069e-02
inc 151  output 30  T=0.6044   ΔT=0.004792
    it 1  residue: 4.9325e-03
inc 152  output 30  T=0.6091   ΔT=0.00893
    it 1  residue: 9.6548e-03
inc 153  output 30  T=0.6181   ΔT=0.001921
    it 1  residue: 4.2888e-02
inc 154  output 31  T=0.62   ΔT=0.004465
    it 1  residue: 3.4685e-03
inc 155  output 31  T=0.6245   ΔT=0.008473
    it 1  residue: 1.2369e-02
inc 156  output 31  T=0.6329   ΔT=0.007062
    it 1  residue: 6.6882e-03
inc 157  output 32  T=0.64   ΔT=0.004236
    it 1  residue: 1.1587e-02
inc 158  output 32  T=0.6442   ΔT=0.007343
    it 1  residue: 7.0254e-03
inc 159  output 32  T=0.6516   ΔT=0.00842
    it 1  residue: 1.1652e-02
inc 160  output 33  T=0.66   ΔT=0.003672
    it 1  residue: 3.7060e-03
inc 161  output 33  T=0.6637   ΔT=0.006947
    it 1  residue: 9.4159e-03
inc 162  output 33  T=0.6706   ΔT=0.009382
    it 1  residue: 1.4197e-02
inc 163  output 34  T=0.68   ΔT=0.003473
    it 1  residue: 3.2342e-02
inc 164  output 34  T=0.6835   ΔT=0.005052
    it 1  residue: 7.2279e-03
inc 165  output 34  T=0.6885   ΔT=0.009167
    it 1  residue: 3.2653e-02
inc 166  output 34  T=0.6977   ΔT=0.002308
    it 1  residue: 2.8735e-03
inc 167  output 35  T=0.7   ΔT=0.004584
    it 1  residue: 2.2053e-02
inc 168  output 35  T=0.7046   ΔT=0.007224
    it 1  residue: 1.3671e-02
inc 169  output 35  T=0.7118   ΔT=0.008192
    it 1  residue: 1.6536e-02
inc 170  output 36  T=0.72   ΔT=0.003612
    it 1  residue: 2.5602e-02
inc 171  output 36  T=0.7236   ΔT=0.005531
    it 1  residue: 6.4605e-03
inc 172  output 36  T=0.7291   ΔT=0.01012
    it 1  residue: 1.0685e-02
inc 173  output 36  T=0.7393   ΔT=0.0007339
    it 1  residue: 6.9306e-03
inc 174  output 37  T=0.74   ΔT=0.005062
    it 1  residue: 5.0892e-03
inc 175  output 37  T=0.7451   ΔT=0.009415
    it 1  residue: 6.2638e-03
inc 176  output 37  T=0.7545   ΔT=0.005523
    it 1  residue: 1.7821e-02
inc 177  output 38  T=0.76   ΔT=0.004707
    it 1  residue: 8.4196e-03
inc 178  output 38  T=0.7647   ΔT=0.008432
    it 1  residue: 1.7731e-02
inc 179  output 38  T=0.7731   ΔT=0.00686
    it 1  residue: 7.0764e-01
    it 2  residue: 1.1979e-02
inc 180  output 39  T=0.78   ΔT=0.004216
    it 1  residue: 6.5247e-03
inc 181  output 39  T=0.7842   ΔT=0.007712
    it 1  residue: 2.1390e-02
inc 182  output 39  T=0.7919   ΔT=0.008072
    it 1  residue: 1.5999e-02
inc 183  output 40  T=0.8   ΔT=0.003856
    it 1  residue: 6.5551e-03
inc 184  output 40  T=0.8039   ΔT=0.007051
    it 1  residue: 1.4350e-02
inc 185  output 40  T=0.8109   ΔT=0.009093
    it 1  residue: 2.0145e-02
inc 186  output 41  T=0.82   ΔT=0.003525
    it 1  residue: 5.5737e-03
inc 187  output 41  T=0.8235   ΔT=0.00652
    it 1  residue: 1.2441e-02
inc 188  output 41  T=0.83   ΔT=0.009955
    it 1  residue: 5.1269e-01
    it 2  residue: 5.6347e+00
      increment failed
inc 188  output 41  T=0.83   ΔT=0.00388
    it 1  residue: 1.9982e-01
    it 2  residue: 7.0642e-03
inc 189  output 41  T=0.8339   ΔT=0.00326
    it 1  residue: 3.8249e-03
inc 190  output 41  T=0.8372   ΔT=0.002815
    it 1  residue: 4.1264e+00
    it 2  residue: 1.9572e-01
    it 3  residue: 1.3331e-02
inc 191  output 42  T=0.84   ΔT=0.00163
    it 1  residue: 1.5143e-03
inc 192  output 42  T=0.8416   ΔT=0.003176
    it 1  residue: 2.8935e-03
inc 193  output 42  T=0.8448   ΔT=0.006073
    it 1  residue: 7.1121e-03
inc 194  output 42  T=0.8509   ΔT=0.009121
    it 1  residue: 1.1862e-02
inc 195  output 43  T=0.86   ΔT=0.003036
    it 1  residue: 2.9258e-03
inc 196  output 43  T=0.863   ΔT=0.005803
    it 1  residue: 6.3836e-03
inc 197  output 43  T=0.8688   ΔT=0.01063
    it 1  residue: 3.6840e-02
inc 198  output 43  T=0.8795   ΔT=0.0005293
    it 1  residue: 1.8118e-04
inc 199  output 44  T=0.88   ΔT=0.005316
    it 1  residue: 4.7599e-03
inc 200  output 44  T=0.8853   ΔT=0.009926
    it 1  residue: 1.4255e-02
inc 201  output 44  T=0.8952   ΔT=0.004758
    it 1  residue: 4.1003e-03
inc 202  output 45  T=0.9   ΔT=0.004963
    it 1  residue: 6.7392e-03
inc 203  output 45  T=0.905   ΔT=0.009056
    it 1  residue: 1.0253e-02
inc 204  output 45  T=0.914   ΔT=0.00598
    it 1  residue: 6.9060e-03
inc 205  output 46  T=0.92   ΔT=0.004528
    it 1  residue: 4.7140e-03
inc 206  output 46  T=0.9245   ΔT=0.008461
    it 1  residue: 1.2849e-02
inc 207  output 46  T=0.933   ΔT=0.007011
    it 1  residue: 1.2514e-01
    it 2  residue: 3.1406e-02
inc 208  output 47  T=0.94   ΔT=0.00423
    it 1  residue: 4.3799e-03
inc 209  output 47  T=0.9442   ΔT=0.007936
    it 1  residue: 7.3475e-03
inc 210  output 47  T=0.9522   ΔT=0.007833
    it 1  residue: 1.5969e-02
inc 211  output 48  T=0.96   ΔT=0.003968
    it 1  residue: 2.0185e-02
inc 212  output 48  T=0.964   ΔT=0.006354
    it 1  residue: 4.0308e-01
    it 2  residue: 1.9268e-02
inc 213  output 48  T=0.9703   ΔT=0.006989
    it 1  residue: 3.1509e-02
inc 214  output 48  T=0.9773   ΔT=0.002689
    it 1  residue: 7.0783e-03
inc 215  output 49  T=0.98   ΔT=0.003495
    it 1  residue: 9.6783e-03
inc 216  output 49  T=0.9835   ΔT=0.006177
    it 1  residue: 1.9642e-02
inc 217  output 49  T=0.9897   ΔT=0.009936
    it 1  residue: 3.4030e-02
inc 218  output 49  T=0.9996   ΔT=0.0003929
    it 1  residue: 2.2012e-04
