Serendip - Finite Element Simulation Log

Mechanical analysis  Stage 1
Time 2026-09-29T20:33:40.013
unknown dofs: 2503
inc 1  output 0  T=0.0   ΔT=0.1
    it 1  residue: 7.3533e-12
inc 2  output 0  T=0.1   ΔT=0.1
    it 1  residue: 6.5189e-12
inc 3  output 1  T=0.2   ΔT=0.1
    it 1  residue: 5.3393e-12
inc 4  output 1  T=0.3   ΔT=0.1
    it 1  residue: 6.0756e-12
inc 5  output 2  T=0.4   ΔT=0.1
    it 1  residue: 8.2536e-12
inc 6  output 2  T=0.5   ΔT=0.1
    it 1  residue: 6.9739e-12
inc 7  output 3  T=0.6   ΔT=0.1
    it 1  residue: 6.5249e-12
inc 8  output 3  T=0.7   ΔT=0.1
    it 1  residue: 6.0482e-12
inc 9  output 4  T=0.8   ΔT=0.1
    it 1  residue: 6.4014e-12
inc 10  output 4  T=0.9   ΔT=0.1
    it 1  residue: 6.7819e-12
