Serendip - Finite Element Simulation Log

Mechanical analysis  Stage 1
Time 2026-10-03T17:31:30.374
unknown dofs: 51323
inc 1  output 0  T=0.0   ΔT=0.02
    it 1  residue: 3.0718e-08
inc 2  output 0  T=0.02   ΔT=0.02
    it 1  residue: 3.2027e-08
inc 3  output 1  T=0.04   ΔT=0.02
    it 1  residue: 5.1076e-08
inc 4  output 1  T=0.06   ΔT=0.02
    it 1  residue: 3.8128e-08
inc 5  output 2  T=0.08   ΔT=0.02
    it 1  residue: 4.6132e-08
inc 6  output 2  T=0.1   ΔT=0.02
    it 1  residue: 6.0452e-08
inc 7  output 3  T=0.12   ΔT=0.02
    it 1  residue: 2.9906e-08
inc 8  output 3  T=0.14   ΔT=0.02
    it 1  residue: 4.6483e-08
inc 9  output 4  T=0.16   ΔT=0.02
    it 1  residue: 3.8259e-08
inc 10  output 4  T=0.18   ΔT=0.02
    it 1  residue: 3.1165e-08
inc 11  output 5  T=0.2   ΔT=0.02
    it 1  residue: 5.1429e-08
inc 12  output 5  T=0.22   ΔT=0.02
    it 1  residue: 3.3396e-08
inc 13  output 6  T=0.24   ΔT=0.02
    it 1  residue: 2.7188e-08
inc 14  output 6  T=0.26   ΔT=0.02
    it 1  residue: 3.5479e-08
inc 15  output 7  T=0.28   ΔT=0.02
    it 1  residue: 3.3692e-08
inc 16  output 7  T=0.3   ΔT=0.02
    it 1  residue: 3.2995e-08
inc 17  output 8  T=0.32   ΔT=0.02
    it 1  residue: 2.7331e-08
inc 18  output 8  T=0.34   ΔT=0.02
    it 1  residue: 3.4622e-08
inc 19  output 9  T=0.36   ΔT=0.02
    it 1  residue: 3.2784e-08
inc 20  output 9  T=0.38   ΔT=0.02
    it 1  residue: 2.5973e-08
inc 21  output 10  T=0.4   ΔT=0.02
    it 1  residue: 5.0917e-08
inc 22  output 10  T=0.42   ΔT=0.02
    it 1  residue: 5.8930e-08
inc 23  output 11  T=0.44   ΔT=0.02
    it 1  residue: 2.4170e-08
inc 24  output 11  T=0.46   ΔT=0.02
    it 1  residue: 4.5126e-08
inc 25  output 12  T=0.48   ΔT=0.02
    it 1  residue: 5.4413e-08
inc 26  output 12  T=0.5   ΔT=0.02
    it 1  residue: 3.9298e-08
inc 27  output 13  T=0.52   ΔT=0.02
    it 1  residue: 5.3830e-08
inc 28  output 13  T=0.54   ΔT=0.02
    it 1  residue: 3.5462e-08
inc 29  output 14  T=0.56   ΔT=0.02
    it 1  residue: 4.9261e-08
inc 30  output 14  T=0.58   ΔT=0.02
    it 1  residue: 3.8071e-08
inc 31  output 15  T=0.6   ΔT=0.02
    it 1  residue: 3.2532e-08
inc 32  output 15  T=0.62   ΔT=0.02
    it 1  residue: 3.3994e-08
inc 33  output 16  T=0.64   ΔT=0.02
    it 1  residue: 4.3185e-08
inc 34  output 16  T=0.66   ΔT=0.02
    it 1  residue: 3.2093e-08
inc 35  output 17  T=0.68   ΔT=0.02
    it 1  residue: 3.9845e-08
inc 36  output 17  T=0.7   ΔT=0.02
    it 1  residue: 4.4836e-08
inc 37  output 18  T=0.72   ΔT=0.02
    it 1  residue: 4.5444e-08
inc 38  output 18  T=0.74   ΔT=0.02
    it 1  residue: 3.5975e-08
inc 39  output 19  T=0.76   ΔT=0.02
    it 1  residue: 6.5739e-08
inc 40  output 19  T=0.78   ΔT=0.02
    it 1  residue: 3.0151e-08
inc 41  output 20  T=0.8   ΔT=0.02
    it 1  residue: 3.7546e-08
inc 42  output 20  T=0.82   ΔT=0.02
    it 1  residue: 6.1797e-08
inc 43  output 21  T=0.84   ΔT=0.02
    it 1  residue: 4.5121e-08
inc 44  output 21  T=0.86   ΔT=0.02
    it 1  residue: 3.1023e-08
inc 45  output 22  T=0.88   ΔT=0.02
    it 1  residue: 3.8333e-08
inc 46  output 22  T=0.9   ΔT=0.02
    it 1  residue: 4.3120e-08
inc 47  output 23  T=0.92   ΔT=0.02
    it 1  residue: 3.2850e-08
inc 48  output 23  T=0.94   ΔT=0.02
    it 1  residue: 4.9888e-08
inc 49  output 24  T=0.96   ΔT=0.02
    it 1  residue: 3.9064e-08
inc 50  output 24  T=0.98   ΔT=0.02
    it 1  residue: 6.1050e-08
