Serendip - Finite Element Simulation Log

Mechanical analysis  Stage 1
Time 2026-09-02T08:55:22.151
unknown dofs: 378
inc 1  output 0  T=0.0   ΔT=0.01
    it 1  residue: 1.2212e-14
inc 2  output 0  T=0.01   ΔT=0.02
    it 1  residue: 1.9096e-14
inc 3  output 0  T=0.03   ΔT=0.04
    it 1  residue: 4.6185e-14
inc 4  output 0  T=0.07   ΔT=0.08
    it 1  residue: 1.0303e-13
inc 5  output 0  T=0.15   ΔT=0.16
    it 1  residue: 1.7053e-13
inc 6  output 0  T=0.31   ΔT=0.2
    it 1  residue: 2.9843e-13
inc 7  output 0  T=0.51   ΔT=0.2
    it 1  residue: 2.6645e-13
inc 8  output 0  T=0.71   ΔT=0.2
    it 1  residue: 2.9488e-13
inc 9  output 0  T=0.91   ΔT=0.09
    it 1  residue: 9.9476e-14
