Serendip - Finite Element Simulation Log

Mechanical analysis  Stage 1
Time 2026-09-01T17:54:14.020
unknown dofs: 24803
inc 1  output 0  T=0.0   ΔT=0.01
    it 1  residue: 7.7197e-15
inc 2  output 0  T=0.01   ΔT=0.01
    it 1  residue: 6.9007e-15
inc 3  output 1  T=0.02   ΔT=0.0075
    it 1  residue: 2.6079e-15
inc 4  output 1  T=0.0275   ΔT=0.0125
    it 1  residue: 4.6815e-15
inc 5  output 2  T=0.04   ΔT=0.005625
    it 1  residue: 1.7639e-15
inc 6  output 2  T=0.0456   ΔT=0.01125
    it 1  residue: 4.4400e-15
inc 7  output 2  T=0.0569   ΔT=0.003125
    it 1  residue: 7.7378e-16
inc 8  output 3  T=0.06   ΔT=0.008438
    it 1  residue: 4.6860e-15
inc 9  output 3  T=0.0684   ΔT=0.01156
    it 1  residue: 4.5286e-15
inc 10  output 4  T=0.08   ΔT=0.006328
    it 1  residue: 3.6187e-15
inc 11  output 4  T=0.0863   ΔT=0.01266
    it 1  residue: 2.0800e-15
inc 12  output 4  T=0.099   ΔT=0.001016
    it 1  residue: 2.6482e-16
inc 13  output 5  T=0.1   ΔT=0.009492
    it 1  residue: 3.7577e-15
inc 14  output 5  T=0.1095   ΔT=0.01051
    it 1  residue: 5.4540e-15
inc 15  output 6  T=0.12   ΔT=0.007119
    it 1  residue: 2.9033e-15
inc 16  output 6  T=0.1271   ΔT=0.01288
    it 1  residue: 3.4132e-15
inc 17  output 7  T=0.14   ΔT=0.005339
    it 1  residue: 2.7375e-15
inc 18  output 7  T=0.1453   ΔT=0.01068
    it 1  residue: 2.8853e-15
inc 19  output 7  T=0.156   ΔT=0.003982
    it 1  residue: 2.1743e-15
inc 20  output 8  T=0.16   ΔT=0.008009
    it 1  residue: 4.6801e-15
inc 21  output 8  T=0.168   ΔT=0.01199
    it 1  residue: 6.5527e-15
inc 22  output 9  T=0.18   ΔT=0.006007
    it 1  residue: 1.1318e-15
inc 23  output 9  T=0.186   ΔT=0.01201
    it 1  residue: 4.5859e-15
inc 24  output 9  T=0.198   ΔT=0.00198
    it 1  residue: 7.0185e-16
inc 25  output 10  T=0.2   ΔT=0.00901
    it 1  residue: 4.7849e-15
inc 26  output 10  T=0.209   ΔT=0.01099
    it 1  residue: 3.0647e-15
inc 27  output 11  T=0.22   ΔT=0.006758
    it 1  residue: 1.4554e-15
inc 28  output 11  T=0.2268   ΔT=0.01324
    it 1  residue: 2.8325e-15
inc 29  output 12  T=0.24   ΔT=0.005068
    it 1  residue: 3.0580e-15
inc 30  output 12  T=0.2451   ΔT=0.01014
    it 1  residue: 6.6602e-15
inc 31  output 12  T=0.2552   ΔT=0.004795
    it 1  residue: 2.7758e-15
inc 32  output 13  T=0.26   ΔT=0.007602
    it 1  residue: 2.7737e-15
inc 33  output 13  T=0.2676   ΔT=0.0124
    it 1  residue: 2.7504e-15
inc 34  output 14  T=0.28   ΔT=0.005702
    it 1  residue: 4.0273e-15
inc 35  output 14  T=0.2857   ΔT=0.0114
    it 1  residue: 6.7771e-15
inc 36  output 14  T=0.2971   ΔT=0.002895
    it 1  residue: 1.0517e-15
inc 37  output 15  T=0.3   ΔT=0.008553
    it 1  residue: 2.8042e-15
inc 38  output 15  T=0.3086   ΔT=0.01145
    it 1  residue: 2.4957e-15
inc 39  output 16  T=0.32   ΔT=0.006414
    it 1  residue: 1.2479e-15
inc 40  output 16  T=0.3264   ΔT=0.01283
    it 1  residue: 5.2301e-15
inc 41  output 16  T=0.3392   ΔT=0.0007566
    it 1  residue: 2.1885e-16
inc 42  output 17  T=0.34   ΔT=0.009622
    it 1  residue: 3.5966e-15
inc 43  output 17  T=0.3496   ΔT=0.01038
    it 1  residue: 1.3060e-03
inc 44  output 18  T=0.36   ΔT=0.007216
    it 1  residue: 9.2789e-04
inc 45  output 18  T=0.3672   ΔT=0.01278
    it 1  residue: 7.4177e-04
inc 46  output 19  T=0.38   ΔT=0.005412
    it 1  residue: 8.0577e-06
inc 47  output 19  T=0.3854   ΔT=0.01082
    it 1  residue: 1.1507e-03
inc 48  output 19  T=0.3962   ΔT=0.003763
    it 1  residue: 3.0744e-04
inc 49  output 20  T=0.4   ΔT=0.008118
    it 1  residue: 5.8474e-04
inc 50  output 20  T=0.4081   ΔT=0.01188
    it 1  residue: 3.2985e-04
inc 51  output 21  T=0.42   ΔT=0.006089
    it 1  residue: 2.2404e-05
inc 52  output 21  T=0.4261   ΔT=0.01218
    it 1  residue: 1.3973e-03
inc 53  output 21  T=0.4383   ΔT=0.001734
    it 1  residue: 1.3300e-05
inc 54  output 22  T=0.44   ΔT=0.009133
    it 1  residue: 5.0676e-04
inc 55  output 22  T=0.4491   ΔT=0.01087
    it 1  residue: 1.0868e-03
inc 56  output 23  T=0.46   ΔT=0.00685
    it 1  residue: 5.8323e-04
inc 57  output 23  T=0.4668   ΔT=0.01315
    it 1  residue: 2.8407e-03
inc 58  output 24  T=0.48   ΔT=0.005137
    it 1  residue: 1.1781e-03
inc 59  output 24  T=0.4851   ΔT=0.01027
    it 1  residue: 8.1631e-04
inc 60  output 24  T=0.4954   ΔT=0.004588
    it 1  residue: 6.9197e-04
inc 61  output 25  T=0.5   ΔT=0.007706
    it 1  residue: 4.9034e-04
inc 62  output 25  T=0.5077   ΔT=0.01229
    it 1  residue: 1.5513e-03
inc 63  output 26  T=0.52   ΔT=0.00578
    it 1  residue: 3.2224e-04
inc 64  output 26  T=0.5258   ΔT=0.01156
    it 1  residue: 8.4603e-04
inc 65  output 26  T=0.5373   ΔT=0.002661
    it 1  residue: 1.6035e-04
inc 66  output 27  T=0.54   ΔT=0.008669
    it 1  residue: 5.9868e-04
inc 67  output 27  T=0.5487   ΔT=0.01133
    it 1  residue: 1.3969e-03
inc 68  output 28  T=0.56   ΔT=0.006502
    it 1  residue: 1.0632e-03
inc 69  output 28  T=0.5665   ΔT=0.013
    it 1  residue: 2.7419e-03
inc 70  output 28  T=0.5795   ΔT=0.0004941
    it 1  residue: 2.9101e-05
inc 71  output 29  T=0.58   ΔT=0.009753
    it 1  residue: 9.7329e-04
inc 72  output 29  T=0.5898   ΔT=0.01025
    it 1  residue: 1.5366e-03
inc 73  output 30  T=0.6   ΔT=0.007315
    it 1  residue: 1.5014e-03
inc 74  output 30  T=0.6073   ΔT=0.01269
    it 1  residue: 2.1671e-03
inc 75  output 31  T=0.62   ΔT=0.005486
    it 1  residue: 5.4484e-03
inc 76  output 31  T=0.6255   ΔT=0.01097
    it 1  residue: 1.0875e-03
inc 77  output 31  T=0.6365   ΔT=0.003542
    it 1  residue: 3.1094e-04
inc 78  output 32  T=0.64   ΔT=0.008229
    it 1  residue: 1.8887e-03
inc 79  output 32  T=0.6482   ΔT=0.01177
    it 1  residue: 1.8431e-03
inc 80  output 33  T=0.66   ΔT=0.006172
    it 1  residue: 4.6630e-04
inc 81  output 33  T=0.6662   ΔT=0.01234
    it 1  residue: 2.9367e-03
inc 82  output 33  T=0.6785   ΔT=0.001485
    it 1  residue: 5.3503e-04
inc 83  output 34  T=0.68   ΔT=0.009258
    it 1  residue: 5.5748e-04
inc 84  output 34  T=0.6893   ΔT=0.01074
    it 1  residue: 1.7810e-03
inc 85  output 35  T=0.7   ΔT=0.006943
    it 1  residue: 2.0797e-03
inc 86  output 35  T=0.7069   ΔT=0.01306
    it 1  residue: 2.3397e-03
inc 87  output 36  T=0.72   ΔT=0.005207
    it 1  residue: 2.5922e-04
inc 88  output 36  T=0.7252   ΔT=0.01041
    it 1  residue: 1.5205e-03
inc 89  output 36  T=0.7356   ΔT=0.004378
    it 1  residue: 5.9695e-04
inc 90  output 37  T=0.74   ΔT=0.007811
    it 1  residue: 1.9601e-03
inc 91  output 37  T=0.7478   ΔT=0.01219
    it 1  residue: 1.2433e-03
inc 92  output 38  T=0.76   ΔT=0.005858
    it 1  residue: 5.8469e-04
inc 93  output 38  T=0.7659   ΔT=0.01172
    it 1  residue: 1.6958e-03
inc 94  output 38  T=0.7776   ΔT=0.002425
    it 1  residue: 2.4616e-04
inc 95  output 39  T=0.78   ΔT=0.008788
    it 1  residue: 7.4970e-04
inc 96  output 39  T=0.7888   ΔT=0.01121
    it 1  residue: 2.5993e-03
inc 97  output 40  T=0.8   ΔT=0.006591
    it 1  residue: 5.9203e-04
inc 98  output 40  T=0.8066   ΔT=0.01318
    it 1  residue: 8.4939e-04
inc 99  output 40  T=0.8198   ΔT=0.0002279
    it 1  residue: 6.0049e-06
inc 100  output 41  T=0.82   ΔT=0.009886
    it 1  residue: 9.4131e-04
inc 101  output 41  T=0.8299   ΔT=0.01011
    it 1  residue: 1.6892e-03
inc 102  output 42  T=0.84   ΔT=0.007415
    it 1  residue: 4.3516e-04
inc 103  output 42  T=0.8474   ΔT=0.01259
    it 1  residue: 2.3953e-03
inc 104  output 43  T=0.86   ΔT=0.005561
    it 1  residue: 2.2999e-04
inc 105  output 43  T=0.8656   ΔT=0.01112
    it 1  residue: 3.2340e-03
inc 106  output 43  T=0.8767   ΔT=0.003317
    it 1  residue: 4.7622e-04
inc 107  output 44  T=0.88   ΔT=0.008341
    it 1  residue: 4.3616e-04
inc 108  output 44  T=0.8883   ΔT=0.01166
    it 1  residue: 1.3896e-03
inc 109  output 45  T=0.9   ΔT=0.006256
    it 1  residue: 2.3668e-03
inc 110  output 45  T=0.9063   ΔT=0.01251
    it 1  residue: 2.9324e-03
inc 111  output 45  T=0.9188   ΔT=0.001232
    it 1  residue: 5.8270e-04
inc 112  output 46  T=0.92   ΔT=0.009384
    it 1  residue: 1.1007e-03
inc 113  output 46  T=0.9294   ΔT=0.01062
    it 1  residue: 9.3918e-04
inc 114  output 47  T=0.94   ΔT=0.007038
    it 1  residue: 1.0188e-03
inc 115  output 47  T=0.947   ΔT=0.01296
    it 1  residue: 2.0463e-03
inc 116  output 48  T=0.96   ΔT=0.005279
    it 1  residue: 6.3069e-04
inc 117  output 48  T=0.9653   ΔT=0.01056
    it 1  residue: 2.4767e-03
inc 118  output 48  T=0.9758   ΔT=0.004164
    it 1  residue: 5.4793e-04
inc 119  output 49  T=0.98   ΔT=0.007918
    it 1  residue: 7.8882e-04
inc 120  output 49  T=0.9879   ΔT=0.01208
    it 1  residue: 2.8466e-03
